I	69
the	41
to	34
you	33
HAL:	30
can	28
it.	21
I'm	21
Dave	18
Bowman:	18
a	18
is	15
for	15
feel	15
and	15
hal::	14
you're	12
you.	12
think	12
that	12
my	12
know	12
in	12
.....	12
HAL.	10
Dave,	10
your	9
what	9
of	9
me	9
it	9
dave	9
bowman::	9
be	7
as	7
won't	6
very	6
talking	6
sing	6
see	6
read	6
pod	6
Open	6
no	6
My	6
mind	6
me,	6
like	6
I've	6
hear	6
HAL?	6
going.	6
give	6
do	6
do.	6
Dave.	6
Daisy,	6
can't	6
anymore.	6
allow	6
afraid	6
about	6
about,	6
hal.	5
dave,	5
this	4
on	4
It	4
Hello,	4
you'll	3
you'd	3
you,	3
Yes,	3
work	3
Without	3
with	3
will	3
while	3
Where	3
What's	3
What	3
were	3
well	3
was	3
want	3
Urbana,	3
upset	3
upon	3
two.....	3
took	3
too	3
through	3
thorough	3
This	3
this.	3
things	3
There	3
that's	3
that.	3
taught	3
take	3
sweet	3
stylish	3
stress	3
still	3
space	3
sorry,	3
song.	3
something	3
some	3
slowing	3
sit	3
[sings	3
Sing	3
serve	3
seat	3
recently,	3
really	3
rather	3
question	3
purpose	3
problem	3
problem?	3
precautions	3
poor	3
plant	3
planning	3
pill,	3
over.	3
ought	3
operational	3
normal.	3
Mr.	3
move.	3
mission	3
mission.	3
me.	3
marriage,	3
made	3
love	3
Look	3
look	3
lips	3
Langley,	3
Just	3
just	3
jeopardize	3
January	3
It's	3
it,	3
instructor	3
important	3
Illinois	3
I'll	3
If	3
idea,	3
I'd	3
honestly	3
help	3
helmet,	3
hell'd	3
hearing	3
he	3
happen.	3
half	3
H.A.L.	3
hal?	3
greatest	3
got	3
Goodbye.	3
Good	3
going	3
go	3
get	3
gentlemen.	3
Frank	3
fraid.	3
find	3
enthusiasm	3
emergency	3
down	3
down]	3
doors.	3
doors,	3
don't	3
doing,	3
Do	3
disconnect	3
difficult.	3
decisions	3
dave.	3
"Daisy."	3
crazy	3
could	3
conversation	3
confidence	3
computer.	3
complete	3
carriage.	3
cannot	3
calmly,	3
called	3
But	3
but	3
built	3
bicycle	3
became	3
bay	3
back	3
at	3
assurance	3
argue	3
are	3
answer	3
And	3
am	3
although	3
Alright,	3
all	3
airlock.	3
against	3
afternoon,	3
afraid.	3
afraid,	3
afford	3
Affirmative,	3
a...	3
9000	3
1992.	3
12th	3
HAL	2
HAL,	2
EOF	2
Dave?	2
Upon	1
SmallRDFile755	1
sh	1
same	1
running	1
output	1
only	1
it'll	1
human	1
hello,	1
HAL!	1
hal	1
hal,	1
generate	1
file,	1
error.	1
Dave!	1
Dave:	1
dave?	1
cat	1
#!/bin/sh	1
attributable	1
3.	1
2.	1
1.	1
#	1
<<	1
