2IndustrialDecisionMaking2.txt
BestManagementQuotationI.txt
IndustrialDecisionMaking.txt
