-rw-------   3 hadoopqa hdfs         95 2010-00-00 00:00 hdfs://gsbl00000.blue.ygrid/user/hadoopqa/tmpOut/FED_DFS_355
