          10           20            1689496 /user/hadoopqa/hdfsMNNData
