Found 1 items
-rwxr-xr-x   3 hadoopqa hdfs          0 2010-00-00 00:00 hdfs://gsbl00000.blue.ygrid/user/hadoopqa/tmpOut/Dir1/file1
