          10           20            1689496 hdfsMNNData
