Found 1 items
-rwxr-xr-x   3 hadoopqa users          0 2010-00-00 00:00 tmpOut/Dir1/file1
