-rw-------   3 hadoopqa hdfs      93927 2010-00-00 00:00 hdfs://gsbl00000.blue.ygrid/user/hadoopqa/tmpOut/FED_DFS_457/2IndustrialDecisionMaking2.txt
-rw-------   3 hadoopqa hdfs      14363 2010-00-00 00:00 hdfs://gsbl00000.blue.ygrid/user/hadoopqa/tmpOut/FED_DFS_457/BestManagementQuotationI.txt
-rw-------   3 hadoopqa hdfs      93927 2010-00-00 00:00 hdfs://gsbl00000.blue.ygrid/user/hadoopqa/tmpOut/FED_DFS_457/IndustrialDecisionMaking.txt
