drwx------   - hadoopqa hdfs          0 2010-00-00 00:00 hdfs://gsbl00000.blue.ygrid/user/hadoopqa/tmpOut/FED_DFS_458/wordcount_input.har
-rw-------   3 hadoopqa hdfs        535 2010-00-00 00:00 hdfs://gsbl00000.blue.ygrid/user/hadoopqa/tmpOut/FED_DFS_458/wordcount_input.har/_index
-rw-------   3 hadoopqa hdfs         23 2010-00-00 00:00 hdfs://gsbl00000.blue.ygrid/user/hadoopqa/tmpOut/FED_DFS_458/wordcount_input.har/_masterindex
-rw-------   3 hadoopqa hdfs     907766 2010-00-00 00:00 hdfs://gsbl00000.blue.ygrid/user/hadoopqa/tmpOut/FED_DFS_458/wordcount_input.har/part-0
