-rw-------   3 hadoopqa hdfs      93927 2010-00-00 00:00 /user/hadoopqa/tmpOut/FED_DFS_557/2IndustrialDecisionMaking2.txt
-rw-------   3 hadoopqa hdfs      14363 2010-00-00 00:00 /user/hadoopqa/tmpOut/FED_DFS_557/BestManagementQuotationI.txt
-rw-------   3 hadoopqa hdfs      93927 2010-00-00 00:00 /user/hadoopqa/tmpOut/FED_DFS_557/IndustrialDecisionMaking.txt
