-rw-------   3 hadoopqa hdfs     143217 2010-00-00 00:00 tmpOut/FED_DFS_156
