drwx------   - hadoopqa hdfs          0 2010-00-00 00:00 /user/hadoopqa/hdfsMNNData/distcache_input
drwx------   - hadoopqa hdfs          0 2010-00-00 00:00 /user/hadoopqa/hdfsMNNData/distcache_input/dir1
-rw-------   3 hadoopqa hdfs         95 2010-00-00 00:00 /user/hadoopqa/hdfsMNNData/distcache_input/dir1/ro_file2.txt
-rw-------   3 hadoopqa hdfs     142466 2010-00-00 00:00 /user/hadoopqa/hdfsMNNData/distcache_input/dir1/ro_jar2.jar
-rw-------   3 hadoopqa hdfs         95 2010-00-00 00:00 /user/hadoopqa/hdfsMNNData/distcache_input/dir1/rw_file1.txt
-rw-------   3 hadoopqa hdfs     143217 2010-00-00 00:00 /user/hadoopqa/hdfsMNNData/distcache_input/dir1/rw_jar1.jar
-rw-------   3 hadoopqa hdfs         95 2010-00-00 00:00 /user/hadoopqa/hdfsMNNData/distcache_input/file1
-rw-------   3 hadoopqa hdfs         95 2010-00-00 00:00 /user/hadoopqa/hdfsMNNData/distcache_input/file1.txt
-rw-------   3 hadoopqa hdfs     143217 2010-00-00 00:00 /user/hadoopqa/hdfsMNNData/distcache_input/jar1.jar
-rw-------   3 hadoopqa hdfs         95 2010-00-00 00:00 /user/hadoopqa/hdfsMNNData/distcache_input/ro_file2.txt
-rw-------   3 hadoopqa hdfs     142466 2010-00-00 00:00 /user/hadoopqa/hdfsMNNData/distcache_input/ro_jar2.jar
drwx------   - hadoopqa hdfs          0 2010-00-00 00:00 /user/hadoopqa/hdfsMNNData/har_input
drwx------   - hadoopqa hdfs          0 2010-00-00 00:00 /user/hadoopqa/hdfsMNNData/har_input/wordcount_input.har
-rw-------   3 hadoopqa hdfs        535 2010-00-00 00:00 /user/hadoopqa/hdfsMNNData/har_input/wordcount_input.har/_index
-rw-------   3 hadoopqa hdfs         23 2010-00-00 00:00 /user/hadoopqa/hdfsMNNData/har_input/wordcount_input.har/_masterindex
-rw-------   3 hadoopqa hdfs     907766 2010-00-00 00:00 /user/hadoopqa/hdfsMNNData/har_input/wordcount_input.har/part-0
drwx------   - hadoopqa hdfs          0 2010-00-00 00:00 /user/hadoopqa/hdfsMNNData/hdfsTestData
drwx------   - hadoopqa hdfs          0 2010-00-00 00:00 /user/hadoopqa/hdfsMNNData/hdfsTestData/basic
drwx------   - hadoopqa hdfs          0 2010-00-00 00:00 /user/hadoopqa/hdfsMNNData/hdfsTestData/basic/smallFiles
-rw-------   3 hadoopqa hdfs         95 2010-00-00 00:00 /user/hadoopqa/hdfsMNNData/hdfsTestData/basic/smallFiles/helloWorld755
-rw-------   3 hadoopqa hdfs       2263 2010-00-00 00:00 /user/hadoopqa/hdfsMNNData/hdfsTestData/basic/smallFiles/smallRDFile755
-rw-------   3 hadoopqa hdfs       2375 2010-00-00 00:00 /user/hadoopqa/hdfsMNNData/hdfsTestData/basic/smallFiles/smallRXFile755
-rw-------   3 hadoopqa hdfs       2286 2010-00-00 00:00 /user/hadoopqa/hdfsMNNData/hdfsTestData/basic/smallFiles/smallWRFile755
-rw-------   3 hadoopqa hdfs         95 2010-00-00 00:00 /user/hadoopqa/hdfsMNNData/helloworld.txt
drwx------   - hadoopqa hdfs          0 2010-00-00 00:00 /user/hadoopqa/hdfsMNNData/tmpWrite
drwx------   - hadoopqa hdfs          0 2010-00-00 00:00 /user/hadoopqa/hdfsMNNData/wordcount_input
-rw-------   3 hadoopqa hdfs      93927 2010-00-00 00:00 /user/hadoopqa/hdfsMNNData/wordcount_input/2IndustrialDecisionMaking2.txt
-rw-------   3 hadoopqa hdfs      14363 2010-00-00 00:00 /user/hadoopqa/hdfsMNNData/wordcount_input/BestManagementQuotationI.txt
-rw-------   3 hadoopqa hdfs      93927 2010-00-00 00:00 /user/hadoopqa/hdfsMNNData/wordcount_input/IndustrialDecisionMaking.txt
