Found 1 items
-rw------   3 hadoopqa users          0 2010-00-00 00:00 /user/hadoopqa/tmpOut/Dir1/file1
