-rw-------   3 hadoopqa hdfs      93927 2010-00-00 00:00 tmpOut/FED_DFS_157/2IndustrialDecisionMaking2.txt
-rw-------   3 hadoopqa hdfs      14363 2010-00-00 00:00 tmpOut/FED_DFS_157/BestManagementQuotationI.txt
-rw-------   3 hadoopqa hdfs      93927 2010-00-00 00:00 tmpOut/FED_DFS_157/IndustrialDecisionMaking.txt
