1689496  hdfs://gsbl00000.blue.ygrid/user/hadoopqa/hdfsMNNData
