571841  hdfsMNNData/distcache_input
908324  hdfsMNNData/har_input
7019    hdfsMNNData/hdfsTestData
95      hdfsMNNData/helloworld.txt
0       hdfsMNNData/tmpWrite
202217  hdfsMNNData/wordcount_input
