-rw-------   3 hadoopqa hdfs         95 2010-00-00 00:00 /user/hadoopqa/tmpOut/FED_DFS_259
