571841  /user/hadoopqa/hdfsMNNData/distcache_input
908324  /user/hadoopqa/hdfsMNNData/har_input
7019    /user/hadoopqa/hdfsMNNData/hdfsTestData
95      /user/hadoopqa/hdfsMNNData/helloworld.txt
0       /user/hadoopqa/hdfsMNNData/tmpWrite
202217  /user/hadoopqa/hdfsMNNData/wordcount_input
