-rw-------   3 hadoopqa hdfs       2263 2010-00-00 00:00 /user/hadoopqa/hdfsRegressionData/tmpWrite/hdfsTestData/basic/smallFiles/smallRDFile755
