Found 4 items
-rw-------   3 hadoopqa hdfs         95 2010-00-00 00:00 /user/hadoopqa/hdfsRegressionData/hdfsTestData/basic/smallFiles/helloWorld755
-rw-------   3 hadoopqa hdfs       2263 2010-00-00 00:00 /user/hadoopqa/hdfsRegressionData/hdfsTestData/basic/smallFiles/smallRDFile755
-rw-------   3 hadoopqa hdfs       2375 2010-00-00 00:00 /user/hadoopqa/hdfsRegressionData/hdfsTestData/basic/smallFiles/smallRXFile755
-rw-------   3 hadoopqa hdfs       2286 2010-00-00 00:00 /user/hadoopqa/hdfsRegressionData/hdfsTestData/basic/smallFiles/smallWRFile755
