lsr: `/user/hadoopqa/hdfsRegressionData/tmpWrite/hdfsTestData/basic/smallFiles/smallRDFile755': No such file or directory
