lsr: `/user/hadoopqa/hdfsRegressionData/tmpWrite/hdfsTestData/basic': No such file or directory
