Found 6 items
drwxr-xr-x   - [a-z0-9]+ [a-z0-9]+          0 [0-9]{4}-[0-9]{2}-[0-9]{2} [0-9]{2}:[0-9]{2} hdfsMNNData/distcache_input
drwxr-xr-x   - [a-z0-9]+ [a-z0-9]+          0 [0-9]{4}-[0-9]{2}-[0-9]{2} [0-9]{2}:[0-9]{2} hdfsMNNData/har_input
drwxr-xr-x   - [a-z0-9]+ [a-z0-9]+          0 [0-9]{4}-[0-9]{2}-[0-9]{2} [0-9]{2}:[0-9]{2} hdfsMNNData/hdfsTestData
-rw-r--r--   3 [a-z0-9]+ [a-z0-9]+         95 [0-9]{4}-[0-9]{2}-[0-9]{2} [0-9]{2}:[0-9]{2} hdfsMNNData/helloworld.txt
drwxr-xr-x   - [a-z0-9]+ [a-z0-9]+          0 [0-9]{4}-[0-9]{2}-[0-9]{2} [0-9]{2}:[0-9]{2} hdfsMNNData/tmpWrite
drwxr-xr-x   - [a-z0-9]+ [a-z0-9]+          0 [0-9]{4}-[0-9]{2}-[0-9]{2} [0-9]{2}:[0-9]{2} hdfsMNNData/wordcount_input

