cat: Permission denied: user=hadoopqa, access=EXECUTE, inode="hdfsqa-hdfs-Dir-700":hdfsqa:hdfs:rwx------
cat: Permission denied: user=hadoopqa, access=EXECUTE, inode="hdfsqa-hdfs-Dir-700":hdfsqa:hdfs:rwx------
cat: Permission denied: user=hadoopqa, access=EXECUTE, inode="hdfsqa-hdfs-Dir-700":hdfsqa:hdfs:rwx------
cat: Permission denied: user=hadoopqa, access=EXECUTE, inode="hdfsqa-hdfs-Dir-700":hdfsqa:hdfs:rwx------
cat: Permission denied: user=hadoopqa, access=EXECUTE, inode="hdfsqa-hdfs-Dir-700":hdfsqa:hdfs:rwx------
cat: Permission denied: user=hadoopqa, access=EXECUTE, inode="hdfsqa-hdfs-Dir-700":hdfsqa:hdfs:rwx------
cat: Permission denied: user=hadoopqa, access=EXECUTE, inode="hdfsqa-hdfs-Dir-700":hdfsqa:hdfs:rwx------
cat: Permission denied: user=hadoopqa, access=EXECUTE, inode="hdfsqa-hdfs-Dir-700":hdfsqa:hdfs:rwx------
cat: Permission denied: user=hadoopqa, access=EXECUTE, inode="hdfsqa-hdfs-Dir-700":hdfsqa:hdfs:rwx------
cat: Permission denied: user=hadoopqa, access=EXECUTE, inode="hdfsqa-hdfs-Dir-700":hdfsqa:hdfs:rwx------
cat: Permission denied: user=hadoopqa, access=EXECUTE, inode="hdfsqa-hdfs-Dir-700":hdfsqa:hdfs:rwx------
cat: Permission denied: user=hadoopqa, access=EXECUTE, inode="hdfsqa-hdfs-Dir-700":hdfsqa:hdfs:rwx------
cat: Permission denied: user=hadoopqa, access=EXECUTE, inode="hdfsqa-hdfs-Dir-700":hdfsqa:hdfs:rwx------
cat: Permission denied: user=hadoopqa, access=EXECUTE, inode="hdfsqa-hdfs-Dir-700":hdfsqa:hdfs:rwx------
cat: Permission denied: user=hadoopqa, access=EXECUTE, inode="hdfsqa-hdfs-Dir-700":hdfsqa:hdfs:rwx------
cat: Permission denied: user=hadoopqa, access=EXECUTE, inode="hdfsqa-hdfs-Dir-700":hdfsqa:hdfs:rwx------
cat: Permission denied: user=hadoopqa, access=EXECUTE, inode="hdfsqa-hdfs-Dir-700":hdfsqa:hdfs:rwx------
cat: Permission denied: user=hadoopqa, access=EXECUTE, inode="hdfsqa-hdfs-Dir-700":hdfsqa:hdfs:rwx------
cat: Permission denied: user=hadoopqa, access=EXECUTE, inode="hdfsqa-hdfs-Dir-700":hdfsqa:hdfs:rwx------
cat: Permission denied: user=hadoopqa, access=EXECUTE, inode="hdfsqa-hdfs-Dir-700":hdfsqa:hdfs:rwx------
cat: Permission denied: user=hadoopqa, access=EXECUTE, inode="hdfsqa-hdfs-Dir-700":hdfsqa:hdfs:rwx------
cat: Permission denied: user=hadoopqa, access=EXECUTE, inode="hdfsqa-hdfs-Dir-700":hdfsqa:hdfs:rwx------
cat: Permission denied: user=hadoopqa, access=EXECUTE, inode="hdfsqa-hdfs-Dir-700":hdfsqa:hdfs:rwx------
cat: Permission denied: user=hadoopqa, access=EXECUTE, inode="hdfsqa-hdfs-Dir-700":hdfsqa:hdfs:rwx------
cat: Permission denied: user=hadoopqa, access=EXECUTE, inode="hdfsqa-hdfs-Dir-700":hdfsqa:hdfs:rwx------
cat: Permission denied: user=hadoopqa, access=EXECUTE, inode="hdfsqa-hdfs-Dir-700":hdfsqa:hdfs:rwx------
cat: Permission denied: user=hadoopqa, access=EXECUTE, inode="hdfsqa-hdfs-Dir-700":hdfsqa:hdfs:rwx------
cat: Permission denied: user=hadoopqa, access=EXECUTE, inode="hdfsqa-hdfs-Dir-700":hdfsqa:hdfs:rwx------
cat: Permission denied: user=hadoopqa, access=EXECUTE, inode="hdfsqa-hdfs-Dir-700":hdfsqa:hdfs:rwx------
cat: Permission denied: user=hadoopqa, access=EXECUTE, inode="hdfsqa-hdfs-Dir-700":hdfsqa:hdfs:rwx------
cat: Permission denied: user=hadoopqa, access=EXECUTE, inode="hdfsqa-hdfs-Dir-700":hdfsqa:hdfs:rwx------
cat: Permission denied: user=hadoopqa, access=EXECUTE, inode="hdfsqa-hdfs-Dir-700":hdfsqa:hdfs:rwx------
cat: Permission denied: user=hadoopqa, access=EXECUTE, inode="hdfsqa-hdfs-Dir-744":hdfsqa:hdfs:rwxr--r--
cat: Permission denied: user=hadoopqa, access=EXECUTE, inode="hdfsqa-hdfs-Dir-744":hdfsqa:hdfs:rwxr--r--
cat: Permission denied: user=hadoopqa, access=EXECUTE, inode="hdfsqa-hdfs-Dir-744":hdfsqa:hdfs:rwxr--r--
cat: Permission denied: user=hadoopqa, access=EXECUTE, inode="hdfsqa-hdfs-Dir-744":hdfsqa:hdfs:rwxr--r--
cat: Permission denied: user=hadoopqa, access=EXECUTE, inode="hdfsqa-hdfs-Dir-744":hdfsqa:hdfs:rwxr--r--
cat: Permission denied: user=hadoopqa, access=EXECUTE, inode="hdfsqa-hdfs-Dir-744":hdfsqa:hdfs:rwxr--r--
cat: Permission denied: user=hadoopqa, access=EXECUTE, inode="hdfsqa-hdfs-Dir-744":hdfsqa:hdfs:rwxr--r--
cat: Permission denied: user=hadoopqa, access=EXECUTE, inode="hdfsqa-hdfs-Dir-744":hdfsqa:hdfs:rwxr--r--
cat: Permission denied: user=hadoopqa, access=EXECUTE, inode="hdfsqa-hdfs-Dir-744":hdfsqa:hdfs:rwxr--r--
cat: Permission denied: user=hadoopqa, access=EXECUTE, inode="hdfsqa-hdfs-Dir-744":hdfsqa:hdfs:rwxr--r--
cat: Permission denied: user=hadoopqa, access=EXECUTE, inode="hdfsqa-hdfs-Dir-744":hdfsqa:hdfs:rwxr--r--
cat: Permission denied: user=hadoopqa, access=EXECUTE, inode="hdfsqa-hdfs-Dir-744":hdfsqa:hdfs:rwxr--r--
cat: Permission denied: user=hadoopqa, access=EXECUTE, inode="hdfsqa-hdfs-Dir-744":hdfsqa:hdfs:rwxr--r--
cat: Permission denied: user=hadoopqa, access=EXECUTE, inode="hdfsqa-hdfs-Dir-744":hdfsqa:hdfs:rwxr--r--
cat: Permission denied: user=hadoopqa, access=EXECUTE, inode="hdfsqa-hdfs-Dir-744":hdfsqa:hdfs:rwxr--r--
cat: Permission denied: user=hadoopqa, access=EXECUTE, inode="hdfsqa-hdfs-Dir-744":hdfsqa:hdfs:rwxr--r--
cat: Permission denied: user=hadoopqa, access=EXECUTE, inode="hdfsqa-hdfs-Dir-744":hdfsqa:hdfs:rwxr--r--
cat: Permission denied: user=hadoopqa, access=EXECUTE, inode="hdfsqa-hdfs-Dir-744":hdfsqa:hdfs:rwxr--r--
cat: Permission denied: user=hadoopqa, access=EXECUTE, inode="hdfsqa-hdfs-Dir-744":hdfsqa:hdfs:rwxr--r--
cat: Permission denied: user=hadoopqa, access=EXECUTE, inode="hdfsqa-hdfs-Dir-744":hdfsqa:hdfs:rwxr--r--
cat: Permission denied: user=hadoopqa, access=EXECUTE, inode="hdfsqa-hdfs-Dir-744":hdfsqa:hdfs:rwxr--r--
cat: Permission denied: user=hadoopqa, access=EXECUTE, inode="hdfsqa-hdfs-Dir-744":hdfsqa:hdfs:rwxr--r--
cat: Permission denied: user=hadoopqa, access=EXECUTE, inode="hdfsqa-hdfs-Dir-744":hdfsqa:hdfs:rwxr--r--
cat: Permission denied: user=hadoopqa, access=EXECUTE, inode="hdfsqa-hdfs-Dir-744":hdfsqa:hdfs:rwxr--r--
cat: Permission denied: user=hadoopqa, access=EXECUTE, inode="hdfsqa-hdfs-Dir-744":hdfsqa:hdfs:rwxr--r--
cat: Permission denied: user=hadoopqa, access=EXECUTE, inode="hdfsqa-hdfs-Dir-744":hdfsqa:hdfs:rwxr--r--
cat: Permission denied: user=hadoopqa, access=EXECUTE, inode="hdfsqa-hdfs-Dir-744":hdfsqa:hdfs:rwxr--r--
cat: Permission denied: user=hadoopqa, access=EXECUTE, inode="hdfsqa-hdfs-Dir-744":hdfsqa:hdfs:rwxr--r--
cat: Permission denied: user=hadoopqa, access=EXECUTE, inode="hdfsqa-hdfs-Dir-744":hdfsqa:hdfs:rwxr--r--
cat: Permission denied: user=hadoopqa, access=EXECUTE, inode="hdfsqa-hdfs-Dir-744":hdfsqa:hdfs:rwxr--r--
cat: Permission denied: user=hadoopqa, access=EXECUTE, inode="hdfsqa-hdfs-Dir-744":hdfsqa:hdfs:rwxr--r--
cat: Permission denied: user=hadoopqa, access=EXECUTE, inode="hdfsqa-hdfs-Dir-744":hdfsqa:hdfs:rwxr--r--
cat: Permission denied: user=hadoopqa, access=EXECUTE, inode="hdfsqa-hdfs-Dir-766":hdfsqa:hdfs:rwxrw-rw-
cat: Permission denied: user=hadoopqa, access=EXECUTE, inode="hdfsqa-hdfs-Dir-766":hdfsqa:hdfs:rwxrw-rw-
cat: Permission denied: user=hadoopqa, access=EXECUTE, inode="hdfsqa-hdfs-Dir-766":hdfsqa:hdfs:rwxrw-rw-
cat: Permission denied: user=hadoopqa, access=EXECUTE, inode="hdfsqa-hdfs-Dir-766":hdfsqa:hdfs:rwxrw-rw-
cat: Permission denied: user=hadoopqa, access=EXECUTE, inode="hdfsqa-hdfs-Dir-766":hdfsqa:hdfs:rwxrw-rw-
cat: Permission denied: user=hadoopqa, access=EXECUTE, inode="hdfsqa-hdfs-Dir-766":hdfsqa:hdfs:rwxrw-rw-
cat: Permission denied: user=hadoopqa, access=EXECUTE, inode="hdfsqa-hdfs-Dir-766":hdfsqa:hdfs:rwxrw-rw-
cat: Permission denied: user=hadoopqa, access=EXECUTE, inode="hdfsqa-hdfs-Dir-766":hdfsqa:hdfs:rwxrw-rw-
cat: Permission denied: user=hadoopqa, access=EXECUTE, inode="hdfsqa-hdfs-Dir-766":hdfsqa:hdfs:rwxrw-rw-
cat: Permission denied: user=hadoopqa, access=EXECUTE, inode="hdfsqa-hdfs-Dir-766":hdfsqa:hdfs:rwxrw-rw-
cat: Permission denied: user=hadoopqa, access=EXECUTE, inode="hdfsqa-hdfs-Dir-766":hdfsqa:hdfs:rwxrw-rw-
cat: Permission denied: user=hadoopqa, access=EXECUTE, inode="hdfsqa-hdfs-Dir-766":hdfsqa:hdfs:rwxrw-rw-
cat: Permission denied: user=hadoopqa, access=EXECUTE, inode="hdfsqa-hdfs-Dir-766":hdfsqa:hdfs:rwxrw-rw-
cat: Permission denied: user=hadoopqa, access=EXECUTE, inode="hdfsqa-hdfs-Dir-766":hdfsqa:hdfs:rwxrw-rw-
cat: Permission denied: user=hadoopqa, access=EXECUTE, inode="hdfsqa-hdfs-Dir-766":hdfsqa:hdfs:rwxrw-rw-
cat: Permission denied: user=hadoopqa, access=EXECUTE, inode="hdfsqa-hdfs-Dir-766":hdfsqa:hdfs:rwxrw-rw-
cat: Permission denied: user=hadoopqa, access=EXECUTE, inode="hdfsqa-hdfs-Dir-766":hdfsqa:hdfs:rwxrw-rw-
cat: Permission denied: user=hadoopqa, access=EXECUTE, inode="hdfsqa-hdfs-Dir-766":hdfsqa:hdfs:rwxrw-rw-
cat: Permission denied: user=hadoopqa, access=EXECUTE, inode="hdfsqa-hdfs-Dir-766":hdfsqa:hdfs:rwxrw-rw-
cat: Permission denied: user=hadoopqa, access=EXECUTE, inode="hdfsqa-hdfs-Dir-766":hdfsqa:hdfs:rwxrw-rw-
cat: Permission denied: user=hadoopqa, access=EXECUTE, inode="hdfsqa-hdfs-Dir-766":hdfsqa:hdfs:rwxrw-rw-
cat: Permission denied: user=hadoopqa, access=EXECUTE, inode="hdfsqa-hdfs-Dir-766":hdfsqa:hdfs:rwxrw-rw-
cat: Permission denied: user=hadoopqa, access=EXECUTE, inode="hdfsqa-hdfs-Dir-766":hdfsqa:hdfs:rwxrw-rw-
cat: Permission denied: user=hadoopqa, access=EXECUTE, inode="hdfsqa-hdfs-Dir-766":hdfsqa:hdfs:rwxrw-rw-
cat: Permission denied: user=hadoopqa, access=EXECUTE, inode="hdfsqa-hdfs-Dir-766":hdfsqa:hdfs:rwxrw-rw-
cat: Permission denied: user=hadoopqa, access=EXECUTE, inode="hdfsqa-hdfs-Dir-766":hdfsqa:hdfs:rwxrw-rw-
cat: Permission denied: user=hadoopqa, access=EXECUTE, inode="hdfsqa-hdfs-Dir-766":hdfsqa:hdfs:rwxrw-rw-
cat: Permission denied: user=hadoopqa, access=EXECUTE, inode="hdfsqa-hdfs-Dir-766":hdfsqa:hdfs:rwxrw-rw-
cat: Permission denied: user=hadoopqa, access=EXECUTE, inode="hdfsqa-hdfs-Dir-766":hdfsqa:hdfs:rwxrw-rw-
cat: Permission denied: user=hadoopqa, access=EXECUTE, inode="hdfsqa-hdfs-Dir-766":hdfsqa:hdfs:rwxrw-rw-
cat: Permission denied: user=hadoopqa, access=EXECUTE, inode="hdfsqa-hdfs-Dir-766":hdfsqa:hdfs:rwxrw-rw-
cat: Permission denied: user=hadoopqa, access=EXECUTE, inode="hdfsqa-hdfs-Dir-766":hdfsqa:hdfs:rwxrw-rw-
cat: Permission denied: user=hadoopqa, access=EXECUTE, inode="hdfsqa-hdfs-Dir-776":hdfsqa:hdfs:rwxrwxrw-
cat: Permission denied: user=hadoopqa, access=EXECUTE, inode="hdfsqa-hdfs-Dir-776":hdfsqa:hdfs:rwxrwxrw-
cat: Permission denied: user=hadoopqa, access=EXECUTE, inode="hdfsqa-hdfs-Dir-776":hdfsqa:hdfs:rwxrwxrw-
cat: Permission denied: user=hadoopqa, access=EXECUTE, inode="hdfsqa-hdfs-Dir-776":hdfsqa:hdfs:rwxrwxrw-
cat: Permission denied: user=hadoopqa, access=EXECUTE, inode="hdfsqa-hdfs-Dir-776":hdfsqa:hdfs:rwxrwxrw-
cat: Permission denied: user=hadoopqa, access=EXECUTE, inode="hdfsqa-hdfs-Dir-776":hdfsqa:hdfs:rwxrwxrw-
cat: Permission denied: user=hadoopqa, access=EXECUTE, inode="hdfsqa-hdfs-Dir-776":hdfsqa:hdfs:rwxrwxrw-
cat: Permission denied: user=hadoopqa, access=EXECUTE, inode="hdfsqa-hdfs-Dir-776":hdfsqa:hdfs:rwxrwxrw-
cat: Permission denied: user=hadoopqa, access=EXECUTE, inode="hdfsqa-hdfs-Dir-776":hdfsqa:hdfs:rwxrwxrw-
cat: Permission denied: user=hadoopqa, access=EXECUTE, inode="hdfsqa-hdfs-Dir-776":hdfsqa:hdfs:rwxrwxrw-
cat: Permission denied: user=hadoopqa, access=EXECUTE, inode="hdfsqa-hdfs-Dir-776":hdfsqa:hdfs:rwxrwxrw-
cat: Permission denied: user=hadoopqa, access=EXECUTE, inode="hdfsqa-hdfs-Dir-776":hdfsqa:hdfs:rwxrwxrw-
cat: Permission denied: user=hadoopqa, access=EXECUTE, inode="hdfsqa-hdfs-Dir-776":hdfsqa:hdfs:rwxrwxrw-
cat: Permission denied: user=hadoopqa, access=EXECUTE, inode="hdfsqa-hdfs-Dir-776":hdfsqa:hdfs:rwxrwxrw-
cat: Permission denied: user=hadoopqa, access=EXECUTE, inode="hdfsqa-hdfs-Dir-776":hdfsqa:hdfs:rwxrwxrw-
cat: Permission denied: user=hadoopqa, access=EXECUTE, inode="hdfsqa-hdfs-Dir-776":hdfsqa:hdfs:rwxrwxrw-
cat: Permission denied: user=hadoopqa, access=EXECUTE, inode="hdfsqa-hdfs-Dir-776":hdfsqa:hdfs:rwxrwxrw-
cat: Permission denied: user=hadoopqa, access=EXECUTE, inode="hdfsqa-hdfs-Dir-776":hdfsqa:hdfs:rwxrwxrw-
cat: Permission denied: user=hadoopqa, access=EXECUTE, inode="hdfsqa-hdfs-Dir-776":hdfsqa:hdfs:rwxrwxrw-
cat: Permission denied: user=hadoopqa, access=EXECUTE, inode="hdfsqa-hdfs-Dir-776":hdfsqa:hdfs:rwxrwxrw-
cat: Permission denied: user=hadoopqa, access=EXECUTE, inode="hdfsqa-hdfs-Dir-776":hdfsqa:hdfs:rwxrwxrw-
cat: Permission denied: user=hadoopqa, access=EXECUTE, inode="hdfsqa-hdfs-Dir-776":hdfsqa:hdfs:rwxrwxrw-
cat: Permission denied: user=hadoopqa, access=EXECUTE, inode="hdfsqa-hdfs-Dir-776":hdfsqa:hdfs:rwxrwxrw-
cat: Permission denied: user=hadoopqa, access=EXECUTE, inode="hdfsqa-hdfs-Dir-776":hdfsqa:hdfs:rwxrwxrw-
cat: Permission denied: user=hadoopqa, access=EXECUTE, inode="hdfsqa-hdfs-Dir-776":hdfsqa:hdfs:rwxrwxrw-
cat: Permission denied: user=hadoopqa, access=EXECUTE, inode="hdfsqa-hdfs-Dir-776":hdfsqa:hdfs:rwxrwxrw-
cat: Permission denied: user=hadoopqa, access=EXECUTE, inode="hdfsqa-hdfs-Dir-776":hdfsqa:hdfs:rwxrwxrw-
cat: Permission denied: user=hadoopqa, access=EXECUTE, inode="hdfsqa-hdfs-Dir-776":hdfsqa:hdfs:rwxrwxrw-
cat: Permission denied: user=hadoopqa, access=EXECUTE, inode="hdfsqa-hdfs-Dir-776":hdfsqa:hdfs:rwxrwxrw-
cat: Permission denied: user=hadoopqa, access=EXECUTE, inode="hdfsqa-hdfs-Dir-776":hdfsqa:hdfs:rwxrwxrw-
cat: Permission denied: user=hadoopqa, access=EXECUTE, inode="hdfsqa-hdfs-Dir-776":hdfsqa:hdfs:rwxrwxrw-
cat: Permission denied: user=hadoopqa, access=EXECUTE, inode="hdfsqa-hdfs-Dir-776":hdfsqa:hdfs:rwxrwxrw-
cat: Permission denied: user=hadoopqa, access=READ, inode="hdfsqa-hdfs-File-400":hdfsqa:hdfs:r--------
cat: Permission denied: user=hadoopqa, access=READ, inode="hdfsqa-hdfs-File-440":hdfsqa:hdfs:r--r-----
cat: Permission denied: user=hadoopqa, access=READ, inode="hdfsqa-hdfs-File-600":hdfsqa:hdfs:rw-------
cat: Permission denied: user=hadoopqa, access=READ, inode="hdfsqa-hdfs-File-640":hdfsqa:hdfs:rw-r-----
cat: Permission denied: user=hadoopqa, access=READ, inode="hdfsqa-hdfs-File-660":hdfsqa:hdfs:rw-rw----
cat: Permission denied: user=hadoopqa, access=READ, inode="hdfsqa-users-File-400":hdfsqa:users:r--------
cat: Permission denied: user=hadoopqa, access=READ, inode="hdfsqa-users-File-600":hdfsqa:users:rw-------
cat: Permission denied: user=hadoopqa, access=EXECUTE, inode="hdfsqa-users-Dir-700":hdfsqa:users:rwx------
cat: Permission denied: user=hadoopqa, access=EXECUTE, inode="hdfsqa-users-Dir-700":hdfsqa:users:rwx------
cat: Permission denied: user=hadoopqa, access=EXECUTE, inode="hdfsqa-users-Dir-700":hdfsqa:users:rwx------
cat: Permission denied: user=hadoopqa, access=EXECUTE, inode="hdfsqa-users-Dir-700":hdfsqa:users:rwx------
cat: Permission denied: user=hadoopqa, access=EXECUTE, inode="hdfsqa-users-Dir-700":hdfsqa:users:rwx------
cat: Permission denied: user=hadoopqa, access=EXECUTE, inode="hdfsqa-users-Dir-700":hdfsqa:users:rwx------
cat: Permission denied: user=hadoopqa, access=EXECUTE, inode="hdfsqa-users-Dir-700":hdfsqa:users:rwx------
cat: Permission denied: user=hadoopqa, access=EXECUTE, inode="hdfsqa-users-Dir-700":hdfsqa:users:rwx------
cat: Permission denied: user=hadoopqa, access=EXECUTE, inode="hdfsqa-users-Dir-700":hdfsqa:users:rwx------
cat: Permission denied: user=hadoopqa, access=EXECUTE, inode="hdfsqa-users-Dir-700":hdfsqa:users:rwx------
cat: Permission denied: user=hadoopqa, access=EXECUTE, inode="hdfsqa-users-Dir-700":hdfsqa:users:rwx------
cat: Permission denied: user=hadoopqa, access=EXECUTE, inode="hdfsqa-users-Dir-700":hdfsqa:users:rwx------
cat: Permission denied: user=hadoopqa, access=EXECUTE, inode="hdfsqa-users-Dir-700":hdfsqa:users:rwx------
cat: Permission denied: user=hadoopqa, access=EXECUTE, inode="hdfsqa-users-Dir-700":hdfsqa:users:rwx------
cat: Permission denied: user=hadoopqa, access=EXECUTE, inode="hdfsqa-users-Dir-700":hdfsqa:users:rwx------
cat: Permission denied: user=hadoopqa, access=EXECUTE, inode="hdfsqa-users-Dir-700":hdfsqa:users:rwx------
cat: Permission denied: user=hadoopqa, access=EXECUTE, inode="hdfsqa-users-Dir-700":hdfsqa:users:rwx------
cat: Permission denied: user=hadoopqa, access=EXECUTE, inode="hdfsqa-users-Dir-700":hdfsqa:users:rwx------
cat: Permission denied: user=hadoopqa, access=EXECUTE, inode="hdfsqa-users-Dir-700":hdfsqa:users:rwx------
cat: Permission denied: user=hadoopqa, access=EXECUTE, inode="hdfsqa-users-Dir-700":hdfsqa:users:rwx------
cat: Permission denied: user=hadoopqa, access=EXECUTE, inode="hdfsqa-users-Dir-700":hdfsqa:users:rwx------
cat: Permission denied: user=hadoopqa, access=EXECUTE, inode="hdfsqa-users-Dir-700":hdfsqa:users:rwx------
cat: Permission denied: user=hadoopqa, access=EXECUTE, inode="hdfsqa-users-Dir-700":hdfsqa:users:rwx------
cat: Permission denied: user=hadoopqa, access=EXECUTE, inode="hdfsqa-users-Dir-700":hdfsqa:users:rwx------
cat: Permission denied: user=hadoopqa, access=EXECUTE, inode="hdfsqa-users-Dir-700":hdfsqa:users:rwx------
cat: Permission denied: user=hadoopqa, access=EXECUTE, inode="hdfsqa-users-Dir-700":hdfsqa:users:rwx------
cat: Permission denied: user=hadoopqa, access=EXECUTE, inode="hdfsqa-users-Dir-700":hdfsqa:users:rwx------
cat: Permission denied: user=hadoopqa, access=EXECUTE, inode="hdfsqa-users-Dir-700":hdfsqa:users:rwx------
cat: Permission denied: user=hadoopqa, access=EXECUTE, inode="hdfsqa-users-Dir-700":hdfsqa:users:rwx------
cat: Permission denied: user=hadoopqa, access=EXECUTE, inode="hdfsqa-users-Dir-700":hdfsqa:users:rwx------
cat: Permission denied: user=hadoopqa, access=EXECUTE, inode="hdfsqa-users-Dir-700":hdfsqa:users:rwx------
cat: Permission denied: user=hadoopqa, access=EXECUTE, inode="hdfsqa-users-Dir-700":hdfsqa:users:rwx------
cat: Permission denied: user=hadoopqa, access=EXECUTE, inode="hdfsqa-users-Dir-744":hdfsqa:users:rwxr--r--
cat: Permission denied: user=hadoopqa, access=EXECUTE, inode="hdfsqa-users-Dir-744":hdfsqa:users:rwxr--r--
cat: Permission denied: user=hadoopqa, access=EXECUTE, inode="hdfsqa-users-Dir-744":hdfsqa:users:rwxr--r--
cat: Permission denied: user=hadoopqa, access=EXECUTE, inode="hdfsqa-users-Dir-744":hdfsqa:users:rwxr--r--
cat: Permission denied: user=hadoopqa, access=EXECUTE, inode="hdfsqa-users-Dir-744":hdfsqa:users:rwxr--r--
cat: Permission denied: user=hadoopqa, access=EXECUTE, inode="hdfsqa-users-Dir-744":hdfsqa:users:rwxr--r--
cat: Permission denied: user=hadoopqa, access=EXECUTE, inode="hdfsqa-users-Dir-744":hdfsqa:users:rwxr--r--
cat: Permission denied: user=hadoopqa, access=EXECUTE, inode="hdfsqa-users-Dir-744":hdfsqa:users:rwxr--r--
cat: Permission denied: user=hadoopqa, access=EXECUTE, inode="hdfsqa-users-Dir-744":hdfsqa:users:rwxr--r--
cat: Permission denied: user=hadoopqa, access=EXECUTE, inode="hdfsqa-users-Dir-744":hdfsqa:users:rwxr--r--
cat: Permission denied: user=hadoopqa, access=EXECUTE, inode="hdfsqa-users-Dir-744":hdfsqa:users:rwxr--r--
cat: Permission denied: user=hadoopqa, access=EXECUTE, inode="hdfsqa-users-Dir-744":hdfsqa:users:rwxr--r--
cat: Permission denied: user=hadoopqa, access=EXECUTE, inode="hdfsqa-users-Dir-744":hdfsqa:users:rwxr--r--
cat: Permission denied: user=hadoopqa, access=EXECUTE, inode="hdfsqa-users-Dir-744":hdfsqa:users:rwxr--r--
cat: Permission denied: user=hadoopqa, access=EXECUTE, inode="hdfsqa-users-Dir-744":hdfsqa:users:rwxr--r--
cat: Permission denied: user=hadoopqa, access=EXECUTE, inode="hdfsqa-users-Dir-744":hdfsqa:users:rwxr--r--
cat: Permission denied: user=hadoopqa, access=EXECUTE, inode="hdfsqa-users-Dir-744":hdfsqa:users:rwxr--r--
cat: Permission denied: user=hadoopqa, access=EXECUTE, inode="hdfsqa-users-Dir-744":hdfsqa:users:rwxr--r--
cat: Permission denied: user=hadoopqa, access=EXECUTE, inode="hdfsqa-users-Dir-744":hdfsqa:users:rwxr--r--
cat: Permission denied: user=hadoopqa, access=EXECUTE, inode="hdfsqa-users-Dir-744":hdfsqa:users:rwxr--r--
cat: Permission denied: user=hadoopqa, access=EXECUTE, inode="hdfsqa-users-Dir-744":hdfsqa:users:rwxr--r--
cat: Permission denied: user=hadoopqa, access=EXECUTE, inode="hdfsqa-users-Dir-744":hdfsqa:users:rwxr--r--
cat: Permission denied: user=hadoopqa, access=EXECUTE, inode="hdfsqa-users-Dir-744":hdfsqa:users:rwxr--r--
cat: Permission denied: user=hadoopqa, access=EXECUTE, inode="hdfsqa-users-Dir-744":hdfsqa:users:rwxr--r--
cat: Permission denied: user=hadoopqa, access=EXECUTE, inode="hdfsqa-users-Dir-744":hdfsqa:users:rwxr--r--
cat: Permission denied: user=hadoopqa, access=EXECUTE, inode="hdfsqa-users-Dir-744":hdfsqa:users:rwxr--r--
cat: Permission denied: user=hadoopqa, access=EXECUTE, inode="hdfsqa-users-Dir-744":hdfsqa:users:rwxr--r--
cat: Permission denied: user=hadoopqa, access=EXECUTE, inode="hdfsqa-users-Dir-744":hdfsqa:users:rwxr--r--
cat: Permission denied: user=hadoopqa, access=EXECUTE, inode="hdfsqa-users-Dir-744":hdfsqa:users:rwxr--r--
cat: Permission denied: user=hadoopqa, access=EXECUTE, inode="hdfsqa-users-Dir-744":hdfsqa:users:rwxr--r--
cat: Permission denied: user=hadoopqa, access=EXECUTE, inode="hdfsqa-users-Dir-744":hdfsqa:users:rwxr--r--
cat: Permission denied: user=hadoopqa, access=EXECUTE, inode="hdfsqa-users-Dir-744":hdfsqa:users:rwxr--r--
cat: Permission denied: user=hadoopqa, access=EXECUTE, inode="hdfsqa-users-Dir-766":hdfsqa:users:rwxrw-rw-
cat: Permission denied: user=hadoopqa, access=EXECUTE, inode="hdfsqa-users-Dir-766":hdfsqa:users:rwxrw-rw-
cat: Permission denied: user=hadoopqa, access=EXECUTE, inode="hdfsqa-users-Dir-766":hdfsqa:users:rwxrw-rw-
cat: Permission denied: user=hadoopqa, access=EXECUTE, inode="hdfsqa-users-Dir-766":hdfsqa:users:rwxrw-rw-
cat: Permission denied: user=hadoopqa, access=EXECUTE, inode="hdfsqa-users-Dir-766":hdfsqa:users:rwxrw-rw-
cat: Permission denied: user=hadoopqa, access=EXECUTE, inode="hdfsqa-users-Dir-766":hdfsqa:users:rwxrw-rw-
cat: Permission denied: user=hadoopqa, access=EXECUTE, inode="hdfsqa-users-Dir-766":hdfsqa:users:rwxrw-rw-
cat: Permission denied: user=hadoopqa, access=EXECUTE, inode="hdfsqa-users-Dir-766":hdfsqa:users:rwxrw-rw-
cat: Permission denied: user=hadoopqa, access=EXECUTE, inode="hdfsqa-users-Dir-766":hdfsqa:users:rwxrw-rw-
cat: Permission denied: user=hadoopqa, access=EXECUTE, inode="hdfsqa-users-Dir-766":hdfsqa:users:rwxrw-rw-
cat: Permission denied: user=hadoopqa, access=EXECUTE, inode="hdfsqa-users-Dir-766":hdfsqa:users:rwxrw-rw-
cat: Permission denied: user=hadoopqa, access=EXECUTE, inode="hdfsqa-users-Dir-766":hdfsqa:users:rwxrw-rw-
cat: Permission denied: user=hadoopqa, access=EXECUTE, inode="hdfsqa-users-Dir-766":hdfsqa:users:rwxrw-rw-
cat: Permission denied: user=hadoopqa, access=EXECUTE, inode="hdfsqa-users-Dir-766":hdfsqa:users:rwxrw-rw-
cat: Permission denied: user=hadoopqa, access=EXECUTE, inode="hdfsqa-users-Dir-766":hdfsqa:users:rwxrw-rw-
cat: Permission denied: user=hadoopqa, access=EXECUTE, inode="hdfsqa-users-Dir-766":hdfsqa:users:rwxrw-rw-
cat: Permission denied: user=hadoopqa, access=EXECUTE, inode="hdfsqa-users-Dir-766":hdfsqa:users:rwxrw-rw-
cat: Permission denied: user=hadoopqa, access=EXECUTE, inode="hdfsqa-users-Dir-766":hdfsqa:users:rwxrw-rw-
cat: Permission denied: user=hadoopqa, access=EXECUTE, inode="hdfsqa-users-Dir-766":hdfsqa:users:rwxrw-rw-
cat: Permission denied: user=hadoopqa, access=EXECUTE, inode="hdfsqa-users-Dir-766":hdfsqa:users:rwxrw-rw-
cat: Permission denied: user=hadoopqa, access=EXECUTE, inode="hdfsqa-users-Dir-766":hdfsqa:users:rwxrw-rw-
cat: Permission denied: user=hadoopqa, access=EXECUTE, inode="hdfsqa-users-Dir-766":hdfsqa:users:rwxrw-rw-
cat: Permission denied: user=hadoopqa, access=EXECUTE, inode="hdfsqa-users-Dir-766":hdfsqa:users:rwxrw-rw-
cat: Permission denied: user=hadoopqa, access=EXECUTE, inode="hdfsqa-users-Dir-766":hdfsqa:users:rwxrw-rw-
cat: Permission denied: user=hadoopqa, access=EXECUTE, inode="hdfsqa-users-Dir-766":hdfsqa:users:rwxrw-rw-
cat: Permission denied: user=hadoopqa, access=EXECUTE, inode="hdfsqa-users-Dir-766":hdfsqa:users:rwxrw-rw-
cat: Permission denied: user=hadoopqa, access=EXECUTE, inode="hdfsqa-users-Dir-766":hdfsqa:users:rwxrw-rw-
cat: Permission denied: user=hadoopqa, access=EXECUTE, inode="hdfsqa-users-Dir-766":hdfsqa:users:rwxrw-rw-
cat: Permission denied: user=hadoopqa, access=EXECUTE, inode="hdfsqa-users-Dir-766":hdfsqa:users:rwxrw-rw-
cat: Permission denied: user=hadoopqa, access=EXECUTE, inode="hdfsqa-users-Dir-766":hdfsqa:users:rwxrw-rw-
cat: Permission denied: user=hadoopqa, access=EXECUTE, inode="hdfsqa-users-Dir-766":hdfsqa:users:rwxrw-rw-
cat: Permission denied: user=hadoopqa, access=EXECUTE, inode="hdfsqa-users-Dir-766":hdfsqa:users:rwxrw-rw-
cat: Permission denied: user=hadoopqa, access=READ, inode="hdfsqa-hdfs-File-400":hdfsqa:users:r--------
cat: Permission denied: user=hadoopqa, access=READ, inode="hdfsqa-hdfs-File-600":hdfsqa:users:rw-------
cat: Permission denied: user=hadoopqa, access=READ, inode="hdfsqa-users-File-400":hdfsqa:users:r--------
cat: Permission denied: user=hadoopqa, access=READ, inode="hdfsqa-users-File-600":hdfsqa:users:rw-------
cat: Permission denied: user=hadoopqa, access=READ, inode="hdfsqa-hdfs-File-400":hdfsqa:users:r--------
cat: Permission denied: user=hadoopqa, access=READ, inode="hdfsqa-hdfs-File-600":hdfsqa:users:rw-------
cat: Permission denied: user=hadoopqa, access=READ, inode="hdfsqa-users-File-400":hdfsqa:users:r--------
cat: Permission denied: user=hadoopqa, access=READ, inode="hdfsqa-users-File-600":hdfsqa:users:rw-------
