touchz: Permission denied: user=hadoopqa, access=EXECUTE, inode="hdfsqa-hdfs-Dir-700":hdfsqa:hdfs:rwx------
touchz: Permission denied: user=hadoopqa, access=EXECUTE, inode="hdfsqa-hdfs-Dir-744":hdfsqa:hdfs:rwxr--r--
touchz: Permission denied: user=hadoopqa, access=EXECUTE, inode="hdfsqa-hdfs-Dir-766":hdfsqa:hdfs:rwxrw-rw-
touchz: Permission denied: user=hadoopqa, access=EXECUTE, inode="hdfsqa-hdfs-Dir-776":hdfsqa:hdfs:rwxrwxrw-
touchz: Permission denied: user=hadoopqa, access=EXECUTE, inode="hdfsqa-users-Dir-700":hdfsqa:users:rwx------
touchz: Permission denied: user=hadoopqa, access=EXECUTE, inode="hdfsqa-users-Dir-744":hdfsqa:users:rwxr--r--
touchz: Permission denied: user=hadoopqa, access=EXECUTE, inode="hdfsqa-users-Dir-766":hdfsqa:users:rwxrw-rw-
Found 1 items
-rw-r--r--   3 hadoopqa hdfs          0 2010-00-00 00:00 /user/hadoopqa/hdfsRegressionData/hdfsTestData/PermTest2/hadoopqa-hdfs-Dir-700/touchz_file
Found 1 items
-rw-r--r--   3 hadoopqa hdfs          0 2010-00-00 00:00 /user/hadoopqa/hdfsRegressionData/hdfsTestData/PermTest2/hadoopqa-hdfs-Dir-744/touchz_file
Found 1 items
-rw-r--r--   3 hadoopqa hdfs          0 2010-00-00 00:00 /user/hadoopqa/hdfsRegressionData/hdfsTestData/PermTest2/hadoopqa-hdfs-Dir-766/touchz_file
Found 1 items
-rw-r--r--   3 hadoopqa hdfs          0 2010-00-00 00:00 /user/hadoopqa/hdfsRegressionData/hdfsTestData/PermTest2/hadoopqa-hdfs-Dir-776/touchz_file
Found 1 items
-rw-r--r--   3 hadoopqa hdfs          0 2010-00-00 00:00 /user/hadoopqa/hdfsRegressionData/hdfsTestData/PermTest2/hadoopqa-hdfs-Dir-777/touchz_file
Found 1 items
-rw-r--r--   3 hadoopqa users          0 2010-00-00 00:00 /user/hadoopqa/hdfsRegressionData/hdfsTestData/PermTest2/hadoopqa-users-Dir-700/touchz_file
Found 1 items
-rw-r--r--   3 hadoopqa users          0 2010-00-00 00:00 /user/hadoopqa/hdfsRegressionData/hdfsTestData/PermTest2/hadoopqa-users-Dir-744/touchz_file
Found 1 items
-rw-r--r--   3 hadoopqa users          0 2010-00-00 00:00 /user/hadoopqa/hdfsRegressionData/hdfsTestData/PermTest2/hadoopqa-users-Dir-766/touchz_file
Found 1 items
-rw-r--r--   3 hadoopqa users          0 2010-00-00 00:00 /user/hadoopqa/hdfsRegressionData/hdfsTestData/PermTest2/hadoopqa-users-Dir-776/touchz_file
Found 1 items
-rw-r--r--   3 hadoopqa users          0 2010-00-00 00:00 /user/hadoopqa/hdfsRegressionData/hdfsTestData/PermTest2/hadoopqa-users-Dir-777/touchz_file
ls: Permission denied: user=hadoopqa, access=EXECUTE, inode="hdfsqa-hdfs-Dir-700":hdfsqa:hdfs:rwx------
ls: Permission denied: user=hadoopqa, access=EXECUTE, inode="hdfsqa-hdfs-Dir-744":hdfsqa:hdfs:rwxr--r--
ls: Permission denied: user=hadoopqa, access=EXECUTE, inode="hdfsqa-hdfs-Dir-766":hdfsqa:hdfs:rwxrw-rw-
ls: Permission denied: user=hadoopqa, access=EXECUTE, inode="hdfsqa-hdfs-Dir-776":hdfsqa:hdfs:rwxrwxrw-
Found 1 items
-rw-r--r--   3 hadoopqa hdfs          0 2010-00-00 00:00 /user/hadoopqa/hdfsRegressionData/hdfsTestData/PermTest2/hdfsqa-hdfs-Dir-777/touchz_file
ls: Permission denied: user=hadoopqa, access=EXECUTE, inode="hdfsqa-users-Dir-700":hdfsqa:users:rwx------
ls: Permission denied: user=hadoopqa, access=EXECUTE, inode="hdfsqa-users-Dir-744":hdfsqa:users:rwxr--r--
ls: Permission denied: user=hadoopqa, access=EXECUTE, inode="hdfsqa-users-Dir-766":hdfsqa:users:rwxrw-rw-
Found 1 items
-rw-r--r--   3 hadoopqa users          0 2010-00-00 00:00 /user/hadoopqa/hdfsRegressionData/hdfsTestData/PermTest2/hdfsqa-users-Dir-776/touchz_file
Found 1 items
-rw-r--r--   3 hadoopqa users          0 2010-00-00 00:00 /user/hadoopqa/hdfsRegressionData/hdfsTestData/PermTest2/hdfsqa-users-Dir-777/touchz_file
