    Expect mode to be 600, 664, 666:
Found 1 items
-rw-------   3 hdfsqa hdfs         14 2010-00-00 00:00 /user/hadoopqa/hdfsRegressionData/tmpSudo/hdfsTestData/basic/tmp_chmod.txt
Found 1 items
-rw-rw-r--   3 hdfsqa hdfs         14 2010-00-00 00:00 /user/hadoopqa/hdfsRegressionData/tmpSudo/hdfsTestData/basic/tmp_chmod.txt
Found 1 items
-rw-rw-rw-   3 hdfsqa hdfs         14 2010-00-00 00:00 /user/hadoopqa/hdfsRegressionData/tmpSudo/hdfsTestData/basic/tmp_chmod.txt
