-rw-------   3 hdfsqa hdfs         95 2010-00-00 00:00 /user/hadoopqa/hdfsRegressionData/tmpSudo/hdfsTestData/basic/smallFiles/helloWorld755
-rw-------   3 hdfsqa hdfs       2263 2010-00-00 00:00 /user/hadoopqa/hdfsRegressionData/tmpSudo/hdfsTestData/basic/smallFiles/smallRDFile755
-rw-------   3 hdfsqa hdfs       2375 2010-00-00 00:00 /user/hadoopqa/hdfsRegressionData/tmpSudo/hdfsTestData/basic/smallFiles/smallRXFile755
-rw-------   3 hdfsqa hdfs       2286 2010-00-00 00:00 /user/hadoopqa/hdfsRegressionData/tmpSudo/hdfsTestData/basic/smallFiles/smallWRFile755
