-rw-r--r--   3 hdfsqa hdfs       2263 2010-00-00 00:00 /user/hadoopqa/hdfsRegressionData/tmpSudo/hdfsTestData/basic/smallFiles/smallRDFile755
