lsr: `/user/hadoopqa/hdfsRegressionData/tmpSudo/hdfsTestData/basic/smallFiles/smallRDFile755': No such file or directory
