lsr: `/user/hadoopqa/hdfsRegressionData/tmpSudo/hdfsTestData/basic': No such file or directory
