Expect to see file in .Trash, the undeleted.
ls: `/tmp/hdft_tmptrash.txt': No such file or directory
Found 1 items
-rw-------   3 hdfsqa hdfs         14 2010-00-00 00:00 /user/hdfsqa/.Trash/Current/tmp/hdft_tmptrash.txt
Now move from Trash to undelete file 
Found 1 items
-rw-------   3 hdfsqa hdfs         14 2010-00-00 00:00 /tmp/hdft_tmptrash.txt
ls: `/user/hdfsqa/.Trash/Current//tmp/hdft_tmptrash.txt': No such file or directory
